[lithium_hydroxide] loading aligned paper panel
C:\Users\Pratham Lahoti\miniconda3\Lib\site-packages\torch\nn\modules\rnn.py:123: UserWarning: dropout option adds dropout after all but last recurrent layer, so non-zero dropout expects num_layers greater than 1, but got dropout=0.5 and num_layers=1
  warnings.warn(
  Random Walk complete
  ES complete
  ARIMA complete
  SVR complete
  RF complete
  MLP complete
  ELM complete
  LSTM complete
C:\Users\Pratham Lahoti\miniconda3\Lib\site-packages\torch\nn\modules\rnn.py:123: UserWarning: dropout option adds dropout after all but last recurrent layer, so non-zero dropout expects num_layers greater than 1, but got dropout=0.5 and num_layers=1
  warnings.warn(
C:\Users\Pratham Lahoti\miniconda3\Lib\site-packages\torch\nn\modules\rnn.py:123: UserWarning: dropout option adds dropout after all but last recurrent layer, so non-zero dropout expects num_layers greater than 1, but got dropout=0.5 and num_layers=1
  warnings.warn(
C:\Users\Pratham Lahoti\miniconda3\Lib\site-packages\torch\nn\modules\rnn.py:123: UserWarning: dropout option adds dropout after all but last recurrent layer, so non-zero dropout expects num_layers greater than 1, but got dropout=0.5 and num_layers=1
  warnings.warn(
C:\Users\Pratham Lahoti\miniconda3\Lib\site-packages\torch\nn\modules\rnn.py:123: UserWarning: dropout option adds dropout after all but last recurrent layer, so non-zero dropout expects num_layers greater than 1, but got dropout=0.5 and num_layers=1
  warnings.warn(
C:\Users\Pratham Lahoti\miniconda3\Lib\site-packages\torch\nn\modules\rnn.py:123: UserWarning: dropout option adds dropout after all but last recurrent layer, so non-zero dropout expects num_layers greater than 1, but got dropout=0.5 and num_layers=1
  warnings.warn(
C:\Users\Pratham Lahoti\miniconda3\Lib\site-packages\torch\nn\modules\rnn.py:123: UserWarning: dropout option adds dropout after all but last recurrent layer, so non-zero dropout expects num_layers greater than 1, but got dropout=0.5 and num_layers=1
  warnings.warn(
C:\Users\Pratham Lahoti\miniconda3\Lib\site-packages\torch\nn\modules\rnn.py:123: UserWarning: dropout option adds dropout after all but last recurrent layer, so non-zero dropout expects num_layers greater than 1, but got dropout=0.5 and num_layers=1
  warnings.warn(
C:\Users\Pratham Lahoti\miniconda3\Lib\site-packages\torch\nn\modules\rnn.py:123: UserWarning: dropout option adds dropout after all but last recurrent layer, so non-zero dropout expects num_layers greater than 1, but got dropout=0.5 and num_layers=1
  warnings.warn(
C:\Users\Pratham Lahoti\miniconda3\Lib\site-packages\torch\nn\modules\rnn.py:123: UserWarning: dropout option adds dropout after all but last recurrent layer, so non-zero dropout expects num_layers greater than 1, but got dropout=0.5 and num_layers=1
  warnings.warn(
C:\Users\Pratham Lahoti\miniconda3\Lib\site-packages\torch\nn\modules\rnn.py:123: UserWarning: dropout option adds dropout after all but last recurrent layer, so non-zero dropout expects num_layers greater than 1, but got dropout=0.5 and num_layers=1
  warnings.warn(
C:\Users\Pratham Lahoti\miniconda3\Lib\site-packages\torch\nn\modules\rnn.py:123: UserWarning: dropout option adds dropout after all but last recurrent layer, so non-zero dropout expects num_layers greater than 1, but got dropout=0.5 and num_layers=1
  warnings.warn(
C:\Users\Pratham Lahoti\miniconda3\Lib\site-packages\torch\nn\modules\rnn.py:123: UserWarning: dropout option adds dropout after all but last recurrent layer, so non-zero dropout expects num_layers greater than 1, but got dropout=0.5 and num_layers=1
  warnings.warn(
C:\Users\Pratham Lahoti\miniconda3\Lib\site-packages\torch\nn\modules\rnn.py:123: UserWarning: dropout option adds dropout after all but last recurrent layer, so non-zero dropout expects num_layers greater than 1, but got dropout=0.5 and num_layers=1
  warnings.warn(
C:\Users\Pratham Lahoti\miniconda3\Lib\site-packages\torch\nn\modules\rnn.py:123: UserWarning: dropout option adds dropout after all but last recurrent layer, so non-zero dropout expects num_layers greater than 1, but got dropout=0.5 and num_layers=1
  warnings.warn(
C:\Users\Pratham Lahoti\miniconda3\Lib\site-packages\torch\nn\modules\rnn.py:123: UserWarning: dropout option adds dropout after all but last recurrent layer, so non-zero dropout expects num_layers greater than 1, but got dropout=0.5 and num_layers=1
  warnings.warn(
C:\Users\Pratham Lahoti\miniconda3\Lib\site-packages\torch\nn\modules\rnn.py:123: UserWarning: dropout option adds dropout after all but last recurrent layer, so non-zero dropout expects num_layers greater than 1, but got dropout=0.5 and num_layers=1
  warnings.warn(
C:\Users\Pratham Lahoti\miniconda3\Lib\site-packages\torch\nn\modules\rnn.py:123: UserWarning: dropout option adds dropout after all but last recurrent layer, so non-zero dropout expects num_layers greater than 1, but got dropout=0.5 and num_layers=1
  warnings.warn(
C:\Users\Pratham Lahoti\miniconda3\Lib\site-packages\torch\nn\modules\rnn.py:123: UserWarning: dropout option adds dropout after all but last recurrent layer, so non-zero dropout expects num_layers greater than 1, but got dropout=0.5 and num_layers=1
  warnings.warn(
C:\Users\Pratham Lahoti\miniconda3\Lib\site-packages\torch\nn\modules\rnn.py:123: UserWarning: dropout option adds dropout after all but last recurrent layer, so non-zero dropout expects num_layers greater than 1, but got dropout=0.5 and num_layers=1
  warnings.warn(
C:\Users\Pratham Lahoti\miniconda3\Lib\site-packages\torch\nn\modules\rnn.py:123: UserWarning: dropout option adds dropout after all but last recurrent layer, so non-zero dropout expects num_layers greater than 1, but got dropout=0.5 and num_layers=1
  warnings.warn(
C:\Users\Pratham Lahoti\miniconda3\Lib\site-packages\torch\nn\modules\rnn.py:123: UserWarning: dropout option adds dropout after all but last recurrent layer, so non-zero dropout expects num_layers greater than 1, but got dropout=0.5 and num_layers=1
  warnings.warn(
C:\Users\Pratham Lahoti\miniconda3\Lib\site-packages\torch\nn\modules\rnn.py:123: UserWarning: dropout option adds dropout after all but last recurrent layer, so non-zero dropout expects num_layers greater than 1, but got dropout=0.5 and num_layers=1
  warnings.warn(
C:\Users\Pratham Lahoti\miniconda3\Lib\site-packages\torch\nn\modules\rnn.py:123: UserWarning: dropout option adds dropout after all but last recurrent layer, so non-zero dropout expects num_layers greater than 1, but got dropout=0.5 and num_layers=1
  warnings.warn(
C:\Users\Pratham Lahoti\miniconda3\Lib\site-packages\torch\nn\modules\rnn.py:123: UserWarning: dropout option adds dropout after all but last recurrent layer, so non-zero dropout expects num_layers greater than 1, but got dropout=0.5 and num_layers=1
  warnings.warn(
C:\Users\Pratham Lahoti\miniconda3\Lib\site-packages\torch\nn\modules\rnn.py:123: UserWarning: dropout option adds dropout after all but last recurrent layer, so non-zero dropout expects num_layers greater than 1, but got dropout=0.5 and num_layers=1
  warnings.warn(
C:\Users\Pratham Lahoti\miniconda3\Lib\site-packages\torch\nn\modules\rnn.py:123: UserWarning: dropout option adds dropout after all but last recurrent layer, so non-zero dropout expects num_layers greater than 1, but got dropout=0.5 and num_layers=1
  warnings.warn(
C:\Users\Pratham Lahoti\miniconda3\Lib\site-packages\torch\nn\modules\rnn.py:123: UserWarning: dropout option adds dropout after all but last recurrent layer, so non-zero dropout expects num_layers greater than 1, but got dropout=0.5 and num_layers=1
  warnings.warn(
C:\Users\Pratham Lahoti\miniconda3\Lib\site-packages\torch\nn\modules\rnn.py:123: UserWarning: dropout option adds dropout after all but last recurrent layer, so non-zero dropout expects num_layers greater than 1, but got dropout=0.5 and num_layers=1
  warnings.warn(
C:\Users\Pratham Lahoti\miniconda3\Lib\site-packages\torch\nn\modules\rnn.py:123: UserWarning: dropout option adds dropout after all but last recurrent layer, so non-zero dropout expects num_layers greater than 1, but got dropout=0.5 and num_layers=1
  warnings.warn(
C:\Users\Pratham Lahoti\miniconda3\Lib\site-packages\torch\nn\modules\rnn.py:123: UserWarning: dropout option adds dropout after all but last recurrent layer, so non-zero dropout expects num_layers greater than 1, but got dropout=0.5 and num_layers=1
  warnings.warn(
C:\Users\Pratham Lahoti\miniconda3\Lib\site-packages\torch\nn\modules\rnn.py:123: UserWarning: dropout option adds dropout after all but last recurrent layer, so non-zero dropout expects num_layers greater than 1, but got dropout=0.5 and num_layers=1
  warnings.warn(
C:\Users\Pratham Lahoti\miniconda3\Lib\site-packages\torch\nn\modules\rnn.py:123: UserWarning: dropout option adds dropout after all but last recurrent layer, so non-zero dropout expects num_layers greater than 1, but got dropout=0.5 and num_layers=1
  warnings.warn(
  lithium_hydroxide/adaptive: 1/14 candidates complete; last=VMD-K7-A1500; elapsed=2.9m; ETA=2026-08-18 01:57:11 India Standard Time
C:\Users\Pratham Lahoti\miniconda3\Lib\site-packages\torch\nn\modules\rnn.py:123: UserWarning: dropout option adds dropout after all but last recurrent layer, so non-zero dropout expects num_layers greater than 1, but got dropout=0.5 and num_layers=1
  warnings.warn(
C:\Users\Pratham Lahoti\miniconda3\Lib\site-packages\torch\nn\modules\rnn.py:123: UserWarning: dropout option adds dropout after all but last recurrent layer, so non-zero dropout expects num_layers greater than 1, but got dropout=0.5 and num_layers=1
  warnings.warn(
C:\Users\Pratham Lahoti\miniconda3\Lib\site-packages\torch\nn\modules\rnn.py:123: UserWarning: dropout option adds dropout after all but last recurrent layer, so non-zero dropout expects num_layers greater than 1, but got dropout=0.5 and num_layers=1
  warnings.warn(
C:\Users\Pratham Lahoti\miniconda3\Lib\site-packages\torch\nn\modules\rnn.py:123: UserWarning: dropout option adds dropout after all but last recurrent layer, so non-zero dropout expects num_layers greater than 1, but got dropout=0.5 and num_layers=1
  warnings.warn(
C:\Users\Pratham Lahoti\miniconda3\Lib\site-packages\torch\nn\modules\rnn.py:123: UserWarning: dropout option adds dropout after all but last recurrent layer, so non-zero dropout expects num_layers greater than 1, but got dropout=0.5 and num_layers=1
  warnings.warn(
C:\Users\Pratham Lahoti\miniconda3\Lib\site-packages\torch\nn\modules\rnn.py:123: UserWarning: dropout option adds dropout after all but last recurrent layer, so non-zero dropout expects num_layers greater than 1, but got dropout=0.5 and num_layers=1
  warnings.warn(
C:\Users\Pratham Lahoti\miniconda3\Lib\site-packages\torch\nn\modules\rnn.py:123: UserWarning: dropout option adds dropout after all but last recurrent layer, so non-zero dropout expects num_layers greater than 1, but got dropout=0.5 and num_layers=1
  warnings.warn(
C:\Users\Pratham Lahoti\miniconda3\Lib\site-packages\torch\nn\modules\rnn.py:123: UserWarning: dropout option adds dropout after all but last recurrent layer, so non-zero dropout expects num_layers greater than 1, but got dropout=0.5 and num_layers=1
  warnings.warn(
  lithium_hydroxide/adaptive: 2/14 candidates complete; last=VMD-K7-A3000; elapsed=5.5m; ETA=2026-08-18 01:54:56 India Standard Time
C:\Users\Pratham Lahoti\miniconda3\Lib\site-packages\torch\nn\modules\rnn.py:123: UserWarning: dropout option adds dropout after all but last recurrent layer, so non-zero dropout expects num_layers greater than 1, but got dropout=0.5 and num_layers=1
  warnings.warn(
C:\Users\Pratham Lahoti\miniconda3\Lib\site-packages\torch\nn\modules\rnn.py:123: UserWarning: dropout option adds dropout after all but last recurrent layer, so non-zero dropout expects num_layers greater than 1, but got dropout=0.5 and num_layers=1
  warnings.warn(
C:\Users\Pratham Lahoti\miniconda3\Lib\site-packages\torch\nn\modules\rnn.py:123: UserWarning: dropout option adds dropout after all but last recurrent layer, so non-zero dropout expects num_layers greater than 1, but got dropout=0.5 and num_layers=1
  warnings.warn(
C:\Users\Pratham Lahoti\miniconda3\Lib\site-packages\torch\nn\modules\rnn.py:123: UserWarning: dropout option adds dropout after all but last recurrent layer, so non-zero dropout expects num_layers greater than 1, but got dropout=0.5 and num_layers=1
  warnings.warn(
C:\Users\Pratham Lahoti\miniconda3\Lib\site-packages\torch\nn\modules\rnn.py:123: UserWarning: dropout option adds dropout after all but last recurrent layer, so non-zero dropout expects num_layers greater than 1, but got dropout=0.5 and num_layers=1
  warnings.warn(
C:\Users\Pratham Lahoti\miniconda3\Lib\site-packages\torch\nn\modules\rnn.py:123: UserWarning: dropout option adds dropout after all but last recurrent layer, so non-zero dropout expects num_layers greater than 1, but got dropout=0.5 and num_layers=1
  warnings.warn(
C:\Users\Pratham Lahoti\miniconda3\Lib\site-packages\torch\nn\modules\rnn.py:123: UserWarning: dropout option adds dropout after all but last recurrent layer, so non-zero dropout expects num_layers greater than 1, but got dropout=0.5 and num_layers=1
  warnings.warn(
C:\Users\Pratham Lahoti\miniconda3\Lib\site-packages\torch\nn\modules\rnn.py:123: UserWarning: dropout option adds dropout after all but last recurrent layer, so non-zero dropout expects num_layers greater than 1, but got dropout=0.5 and num_layers=1
  warnings.warn(
  lithium_hydroxide/adaptive: 3/14 candidates complete; last=VMD-K7-A4500; elapsed=8.4m; ETA=2026-08-18 01:56:07 India Standard Time
C:\Users\Pratham Lahoti\miniconda3\Lib\site-packages\torch\nn\modules\rnn.py:123: UserWarning: dropout option adds dropout after all but last recurrent layer, so non-zero dropout expects num_layers greater than 1, but got dropout=0.5 and num_layers=1
  warnings.warn(
C:\Users\Pratham Lahoti\miniconda3\Lib\site-packages\torch\nn\modules\rnn.py:123: UserWarning: dropout option adds dropout after all but last recurrent layer, so non-zero dropout expects num_layers greater than 1, but got dropout=0.5 and num_layers=1
  warnings.warn(
C:\Users\Pratham Lahoti\miniconda3\Lib\site-packages\torch\nn\modules\rnn.py:123: UserWarning: dropout option adds dropout after all but last recurrent layer, so non-zero dropout expects num_layers greater than 1, but got dropout=0.5 and num_layers=1
  warnings.warn(
C:\Users\Pratham Lahoti\miniconda3\Lib\site-packages\torch\nn\modules\rnn.py:123: UserWarning: dropout option adds dropout after all but last recurrent layer, so non-zero dropout expects num_layers greater than 1, but got dropout=0.5 and num_layers=1
  warnings.warn(
C:\Users\Pratham Lahoti\miniconda3\Lib\site-packages\torch\nn\modules\rnn.py:123: UserWarning: dropout option adds dropout after all but last recurrent layer, so non-zero dropout expects num_layers greater than 1, but got dropout=0.5 and num_layers=1
  warnings.warn(
C:\Users\Pratham Lahoti\miniconda3\Lib\site-packages\torch\nn\modules\rnn.py:123: UserWarning: dropout option adds dropout after all but last recurrent layer, so non-zero dropout expects num_layers greater than 1, but got dropout=0.5 and num_layers=1
  warnings.warn(
C:\Users\Pratham Lahoti\miniconda3\Lib\site-packages\torch\nn\modules\rnn.py:123: UserWarning: dropout option adds dropout after all but last recurrent layer, so non-zero dropout expects num_layers greater than 1, but got dropout=0.5 and num_layers=1
  warnings.warn(
C:\Users\Pratham Lahoti\miniconda3\Lib\site-packages\torch\nn\modules\rnn.py:123: UserWarning: dropout option adds dropout after all but last recurrent layer, so non-zero dropout expects num_layers greater than 1, but got dropout=0.5 and num_layers=1
  warnings.warn(
C:\Users\Pratham Lahoti\miniconda3\Lib\site-packages\torch\nn\modules\rnn.py:123: UserWarning: dropout option adds dropout after all but last recurrent layer, so non-zero dropout expects num_layers greater than 1, but got dropout=0.5 and num_layers=1
  warnings.warn(
  lithium_hydroxide/adaptive: 4/14 candidates complete; last=VMD-K8-A1500; elapsed=10.8m; ETA=2026-08-18 01:54:37 India Standard Time
C:\Users\Pratham Lahoti\miniconda3\Lib\site-packages\torch\nn\modules\rnn.py:123: UserWarning: dropout option adds dropout after all but last recurrent layer, so non-zero dropout expects num_layers greater than 1, but got dropout=0.5 and num_layers=1
  warnings.warn(
C:\Users\Pratham Lahoti\miniconda3\Lib\site-packages\torch\nn\modules\rnn.py:123: UserWarning: dropout option adds dropout after all but last recurrent layer, so non-zero dropout expects num_layers greater than 1, but got dropout=0.5 and num_layers=1
  warnings.warn(
C:\Users\Pratham Lahoti\miniconda3\Lib\site-packages\torch\nn\modules\rnn.py:123: UserWarning: dropout option adds dropout after all but last recurrent layer, so non-zero dropout expects num_layers greater than 1, but got dropout=0.5 and num_layers=1
  warnings.warn(
C:\Users\Pratham Lahoti\miniconda3\Lib\site-packages\torch\nn\modules\rnn.py:123: UserWarning: dropout option adds dropout after all but last recurrent layer, so non-zero dropout expects num_layers greater than 1, but got dropout=0.5 and num_layers=1
  warnings.warn(
C:\Users\Pratham Lahoti\miniconda3\Lib\site-packages\torch\nn\modules\rnn.py:123: UserWarning: dropout option adds dropout after all but last recurrent layer, so non-zero dropout expects num_layers greater than 1, but got dropout=0.5 and num_layers=1
  warnings.warn(
C:\Users\Pratham Lahoti\miniconda3\Lib\site-packages\torch\nn\modules\rnn.py:123: UserWarning: dropout option adds dropout after all but last recurrent layer, so non-zero dropout expects num_layers greater than 1, but got dropout=0.5 and num_layers=1
  warnings.warn(
C:\Users\Pratham Lahoti\miniconda3\Lib\site-packages\torch\nn\modules\rnn.py:123: UserWarning: dropout option adds dropout after all but last recurrent layer, so non-zero dropout expects num_layers greater than 1, but got dropout=0.5 and num_layers=1
  warnings.warn(
C:\Users\Pratham Lahoti\miniconda3\Lib\site-packages\torch\nn\modules\rnn.py:123: UserWarning: dropout option adds dropout after all but last recurrent layer, so non-zero dropout expects num_layers greater than 1, but got dropout=0.5 and num_layers=1
  warnings.warn(
C:\Users\Pratham Lahoti\miniconda3\Lib\site-packages\torch\nn\modules\rnn.py:123: UserWarning: dropout option adds dropout after all but last recurrent layer, so non-zero dropout expects num_layers greater than 1, but got dropout=0.5 and num_layers=1
  warnings.warn(
  lithium_hydroxide/adaptive: 5/14 candidates complete; last=VMD-K8-A3000; elapsed=13.7m; ETA=2026-08-18 01:55:11 India Standard Time
C:\Users\Pratham Lahoti\miniconda3\Lib\site-packages\torch\nn\modules\rnn.py:123: UserWarning: dropout option adds dropout after all but last recurrent layer, so non-zero dropout expects num_layers greater than 1, but got dropout=0.5 and num_layers=1
  warnings.warn(
C:\Users\Pratham Lahoti\miniconda3\Lib\site-packages\torch\nn\modules\rnn.py:123: UserWarning: dropout option adds dropout after all but last recurrent layer, so non-zero dropout expects num_layers greater than 1, but got dropout=0.5 and num_layers=1
  warnings.warn(
C:\Users\Pratham Lahoti\miniconda3\Lib\site-packages\torch\nn\modules\rnn.py:123: UserWarning: dropout option adds dropout after all but last recurrent layer, so non-zero dropout expects num_layers greater than 1, but got dropout=0.5 and num_layers=1
  warnings.warn(
C:\Users\Pratham Lahoti\miniconda3\Lib\site-packages\torch\nn\modules\rnn.py:123: UserWarning: dropout option adds dropout after all but last recurrent layer, so non-zero dropout expects num_layers greater than 1, but got dropout=0.5 and num_layers=1
  warnings.warn(
C:\Users\Pratham Lahoti\miniconda3\Lib\site-packages\torch\nn\modules\rnn.py:123: UserWarning: dropout option adds dropout after all but last recurrent layer, so non-zero dropout expects num_layers greater than 1, but got dropout=0.5 and num_layers=1
  warnings.warn(
C:\Users\Pratham Lahoti\miniconda3\Lib\site-packages\torch\nn\modules\rnn.py:123: UserWarning: dropout option adds dropout after all but last recurrent layer, so non-zero dropout expects num_layers greater than 1, but got dropout=0.5 and num_layers=1
  warnings.warn(
C:\Users\Pratham Lahoti\miniconda3\Lib\site-packages\torch\nn\modules\rnn.py:123: UserWarning: dropout option adds dropout after all but last recurrent layer, so non-zero dropout expects num_layers greater than 1, but got dropout=0.5 and num_layers=1
  warnings.warn(
C:\Users\Pratham Lahoti\miniconda3\Lib\site-packages\torch\nn\modules\rnn.py:123: UserWarning: dropout option adds dropout after all but last recurrent layer, so non-zero dropout expects num_layers greater than 1, but got dropout=0.5 and num_layers=1
  warnings.warn(
C:\Users\Pratham Lahoti\miniconda3\Lib\site-packages\torch\nn\modules\rnn.py:123: UserWarning: dropout option adds dropout after all but last recurrent layer, so non-zero dropout expects num_layers greater than 1, but got dropout=0.5 and num_layers=1
  warnings.warn(
  lithium_hydroxide/adaptive: 6/14 candidates complete; last=VMD-K8-A4500; elapsed=17.1m; ETA=2026-08-18 01:56:47 India Standard Time
C:\Users\Pratham Lahoti\miniconda3\Lib\site-packages\torch\nn\modules\rnn.py:123: UserWarning: dropout option adds dropout after all but last recurrent layer, so non-zero dropout expects num_layers greater than 1, but got dropout=0.5 and num_layers=1
  warnings.warn(
C:\Users\Pratham Lahoti\miniconda3\Lib\site-packages\torch\nn\modules\rnn.py:123: UserWarning: dropout option adds dropout after all but last recurrent layer, so non-zero dropout expects num_layers greater than 1, but got dropout=0.5 and num_layers=1
  warnings.warn(
C:\Users\Pratham Lahoti\miniconda3\Lib\site-packages\torch\nn\modules\rnn.py:123: UserWarning: dropout option adds dropout after all but last recurrent layer, so non-zero dropout expects num_layers greater than 1, but got dropout=0.5 and num_layers=1
  warnings.warn(
C:\Users\Pratham Lahoti\miniconda3\Lib\site-packages\torch\nn\modules\rnn.py:123: UserWarning: dropout option adds dropout after all but last recurrent layer, so non-zero dropout expects num_layers greater than 1, but got dropout=0.5 and num_layers=1
  warnings.warn(
C:\Users\Pratham Lahoti\miniconda3\Lib\site-packages\torch\nn\modules\rnn.py:123: UserWarning: dropout option adds dropout after all but last recurrent layer, so non-zero dropout expects num_layers greater than 1, but got dropout=0.5 and num_layers=1
  warnings.warn(
C:\Users\Pratham Lahoti\miniconda3\Lib\site-packages\torch\nn\modules\rnn.py:123: UserWarning: dropout option adds dropout after all but last recurrent layer, so non-zero dropout expects num_layers greater than 1, but got dropout=0.5 and num_layers=1
  warnings.warn(
C:\Users\Pratham Lahoti\miniconda3\Lib\site-packages\torch\nn\modules\rnn.py:123: UserWarning: dropout option adds dropout after all but last recurrent layer, so non-zero dropout expects num_layers greater than 1, but got dropout=0.5 and num_layers=1
  warnings.warn(
C:\Users\Pratham Lahoti\miniconda3\Lib\site-packages\torch\nn\modules\rnn.py:123: UserWarning: dropout option adds dropout after all but last recurrent layer, so non-zero dropout expects num_layers greater than 1, but got dropout=0.5 and num_layers=1
  warnings.warn(
C:\Users\Pratham Lahoti\miniconda3\Lib\site-packages\torch\nn\modules\rnn.py:123: UserWarning: dropout option adds dropout after all but last recurrent layer, so non-zero dropout expects num_layers greater than 1, but got dropout=0.5 and num_layers=1
  warnings.warn(
C:\Users\Pratham Lahoti\miniconda3\Lib\site-packages\torch\nn\modules\rnn.py:123: UserWarning: dropout option adds dropout after all but last recurrent layer, so non-zero dropout expects num_layers greater than 1, but got dropout=0.5 and num_layers=1
  warnings.warn(
  lithium_hydroxide/adaptive: 7/14 candidates complete; last=VMD-K9-A1500; elapsed=20.9m; ETA=2026-08-18 01:58:33 India Standard Time
C:\Users\Pratham Lahoti\miniconda3\Lib\site-packages\torch\nn\modules\rnn.py:123: UserWarning: dropout option adds dropout after all but last recurrent layer, so non-zero dropout expects num_layers greater than 1, but got dropout=0.5 and num_layers=1
  warnings.warn(
C:\Users\Pratham Lahoti\miniconda3\Lib\site-packages\torch\nn\modules\rnn.py:123: UserWarning: dropout option adds dropout after all but last recurrent layer, so non-zero dropout expects num_layers greater than 1, but got dropout=0.5 and num_layers=1
  warnings.warn(
C:\Users\Pratham Lahoti\miniconda3\Lib\site-packages\torch\nn\modules\rnn.py:123: UserWarning: dropout option adds dropout after all but last recurrent layer, so non-zero dropout expects num_layers greater than 1, but got dropout=0.5 and num_layers=1
  warnings.warn(
C:\Users\Pratham Lahoti\miniconda3\Lib\site-packages\torch\nn\modules\rnn.py:123: UserWarning: dropout option adds dropout after all but last recurrent layer, so non-zero dropout expects num_layers greater than 1, but got dropout=0.5 and num_layers=1
  warnings.warn(
C:\Users\Pratham Lahoti\miniconda3\Lib\site-packages\torch\nn\modules\rnn.py:123: UserWarning: dropout option adds dropout after all but last recurrent layer, so non-zero dropout expects num_layers greater than 1, but got dropout=0.5 and num_layers=1
  warnings.warn(
C:\Users\Pratham Lahoti\miniconda3\Lib\site-packages\torch\nn\modules\rnn.py:123: UserWarning: dropout option adds dropout after all but last recurrent layer, so non-zero dropout expects num_layers greater than 1, but got dropout=0.5 and num_layers=1
  warnings.warn(
C:\Users\Pratham Lahoti\miniconda3\Lib\site-packages\torch\nn\modules\rnn.py:123: UserWarning: dropout option adds dropout after all but last recurrent layer, so non-zero dropout expects num_layers greater than 1, but got dropout=0.5 and num_layers=1
  warnings.warn(
C:\Users\Pratham Lahoti\miniconda3\Lib\site-packages\torch\nn\modules\rnn.py:123: UserWarning: dropout option adds dropout after all but last recurrent layer, so non-zero dropout expects num_layers greater than 1, but got dropout=0.5 and num_layers=1
  warnings.warn(
C:\Users\Pratham Lahoti\miniconda3\Lib\site-packages\torch\nn\modules\rnn.py:123: UserWarning: dropout option adds dropout after all but last recurrent layer, so non-zero dropout expects num_layers greater than 1, but got dropout=0.5 and num_layers=1
  warnings.warn(
C:\Users\Pratham Lahoti\miniconda3\Lib\site-packages\torch\nn\modules\rnn.py:123: UserWarning: dropout option adds dropout after all but last recurrent layer, so non-zero dropout expects num_layers greater than 1, but got dropout=0.5 and num_layers=1
  warnings.warn(
  lithium_hydroxide/adaptive: 8/14 candidates complete; last=VMD-K9-A3000; elapsed=24.2m; ETA=2026-08-18 01:59:07 India Standard Time
C:\Users\Pratham Lahoti\miniconda3\Lib\site-packages\torch\nn\modules\rnn.py:123: UserWarning: dropout option adds dropout after all but last recurrent layer, so non-zero dropout expects num_layers greater than 1, but got dropout=0.5 and num_layers=1
  warnings.warn(
C:\Users\Pratham Lahoti\miniconda3\Lib\site-packages\torch\nn\modules\rnn.py:123: UserWarning: dropout option adds dropout after all but last recurrent layer, so non-zero dropout expects num_layers greater than 1, but got dropout=0.5 and num_layers=1
  warnings.warn(
C:\Users\Pratham Lahoti\miniconda3\Lib\site-packages\torch\nn\modules\rnn.py:123: UserWarning: dropout option adds dropout after all but last recurrent layer, so non-zero dropout expects num_layers greater than 1, but got dropout=0.5 and num_layers=1
  warnings.warn(
C:\Users\Pratham Lahoti\miniconda3\Lib\site-packages\torch\nn\modules\rnn.py:123: UserWarning: dropout option adds dropout after all but last recurrent layer, so non-zero dropout expects num_layers greater than 1, but got dropout=0.5 and num_layers=1
  warnings.warn(
C:\Users\Pratham Lahoti\miniconda3\Lib\site-packages\torch\nn\modules\rnn.py:123: UserWarning: dropout option adds dropout after all but last recurrent layer, so non-zero dropout expects num_layers greater than 1, but got dropout=0.5 and num_layers=1
  warnings.warn(
C:\Users\Pratham Lahoti\miniconda3\Lib\site-packages\torch\nn\modules\rnn.py:123: UserWarning: dropout option adds dropout after all but last recurrent layer, so non-zero dropout expects num_layers greater than 1, but got dropout=0.5 and num_layers=1
  warnings.warn(
C:\Users\Pratham Lahoti\miniconda3\Lib\site-packages\torch\nn\modules\rnn.py:123: UserWarning: dropout option adds dropout after all but last recurrent layer, so non-zero dropout expects num_layers greater than 1, but got dropout=0.5 and num_layers=1
  warnings.warn(
C:\Users\Pratham Lahoti\miniconda3\Lib\site-packages\torch\nn\modules\rnn.py:123: UserWarning: dropout option adds dropout after all but last recurrent layer, so non-zero dropout expects num_layers greater than 1, but got dropout=0.5 and num_layers=1
  warnings.warn(
C:\Users\Pratham Lahoti\miniconda3\Lib\site-packages\torch\nn\modules\rnn.py:123: UserWarning: dropout option adds dropout after all but last recurrent layer, so non-zero dropout expects num_layers greater than 1, but got dropout=0.5 and num_layers=1
  warnings.warn(
C:\Users\Pratham Lahoti\miniconda3\Lib\site-packages\torch\nn\modules\rnn.py:123: UserWarning: dropout option adds dropout after all but last recurrent layer, so non-zero dropout expects num_layers greater than 1, but got dropout=0.5 and num_layers=1
  warnings.warn(
  lithium_hydroxide/adaptive: 9/14 candidates complete; last=VMD-K9-A4500; elapsed=28.2m; ETA=2026-08-18 02:00:38 India Standard Time
C:\Users\Pratham Lahoti\miniconda3\Lib\site-packages\torch\nn\modules\rnn.py:123: UserWarning: dropout option adds dropout after all but last recurrent layer, so non-zero dropout expects num_layers greater than 1, but got dropout=0.5 and num_layers=1
  warnings.warn(
C:\Users\Pratham Lahoti\miniconda3\Lib\site-packages\torch\nn\modules\rnn.py:123: UserWarning: dropout option adds dropout after all but last recurrent layer, so non-zero dropout expects num_layers greater than 1, but got dropout=0.5 and num_layers=1
  warnings.warn(
C:\Users\Pratham Lahoti\miniconda3\Lib\site-packages\torch\nn\modules\rnn.py:123: UserWarning: dropout option adds dropout after all but last recurrent layer, so non-zero dropout expects num_layers greater than 1, but got dropout=0.5 and num_layers=1
  warnings.warn(
C:\Users\Pratham Lahoti\miniconda3\Lib\site-packages\torch\nn\modules\rnn.py:123: UserWarning: dropout option adds dropout after all but last recurrent layer, so non-zero dropout expects num_layers greater than 1, but got dropout=0.5 and num_layers=1
  warnings.warn(
C:\Users\Pratham Lahoti\miniconda3\Lib\site-packages\torch\nn\modules\rnn.py:123: UserWarning: dropout option adds dropout after all but last recurrent layer, so non-zero dropout expects num_layers greater than 1, but got dropout=0.5 and num_layers=1
  warnings.warn(
C:\Users\Pratham Lahoti\miniconda3\Lib\site-packages\torch\nn\modules\rnn.py:123: UserWarning: dropout option adds dropout after all but last recurrent layer, so non-zero dropout expects num_layers greater than 1, but got dropout=0.5 and num_layers=1
  warnings.warn(
C:\Users\Pratham Lahoti\miniconda3\Lib\site-packages\torch\nn\modules\rnn.py:123: UserWarning: dropout option adds dropout after all but last recurrent layer, so non-zero dropout expects num_layers greater than 1, but got dropout=0.5 and num_layers=1
  warnings.warn(
C:\Users\Pratham Lahoti\miniconda3\Lib\site-packages\torch\nn\modules\rnn.py:123: UserWarning: dropout option adds dropout after all but last recurrent layer, so non-zero dropout expects num_layers greater than 1, but got dropout=0.5 and num_layers=1
  warnings.warn(
C:\Users\Pratham Lahoti\miniconda3\Lib\site-packages\torch\nn\modules\rnn.py:123: UserWarning: dropout option adds dropout after all but last recurrent layer, so non-zero dropout expects num_layers greater than 1, but got dropout=0.5 and num_layers=1
  warnings.warn(
C:\Users\Pratham Lahoti\miniconda3\Lib\site-packages\torch\nn\modules\rnn.py:123: UserWarning: dropout option adds dropout after all but last recurrent layer, so non-zero dropout expects num_layers greater than 1, but got dropout=0.5 and num_layers=1
  warnings.warn(
C:\Users\Pratham Lahoti\miniconda3\Lib\site-packages\torch\nn\modules\rnn.py:123: UserWarning: dropout option adds dropout after all but last recurrent layer, so non-zero dropout expects num_layers greater than 1, but got dropout=0.5 and num_layers=1
  warnings.warn(
  lithium_hydroxide/adaptive: 10/14 candidates complete; last=VMD-K10-A1500; elapsed=32.2m; ETA=2026-08-18 02:01:54 India Standard Time
C:\Users\Pratham Lahoti\miniconda3\Lib\site-packages\torch\nn\modules\rnn.py:123: UserWarning: dropout option adds dropout after all but last recurrent layer, so non-zero dropout expects num_layers greater than 1, but got dropout=0.5 and num_layers=1
  warnings.warn(
C:\Users\Pratham Lahoti\miniconda3\Lib\site-packages\torch\nn\modules\rnn.py:123: UserWarning: dropout option adds dropout after all but last recurrent layer, so non-zero dropout expects num_layers greater than 1, but got dropout=0.5 and num_layers=1
  warnings.warn(
C:\Users\Pratham Lahoti\miniconda3\Lib\site-packages\torch\nn\modules\rnn.py:123: UserWarning: dropout option adds dropout after all but last recurrent layer, so non-zero dropout expects num_layers greater than 1, but got dropout=0.5 and num_layers=1
  warnings.warn(
C:\Users\Pratham Lahoti\miniconda3\Lib\site-packages\torch\nn\modules\rnn.py:123: UserWarning: dropout option adds dropout after all but last recurrent layer, so non-zero dropout expects num_layers greater than 1, but got dropout=0.5 and num_layers=1
  warnings.warn(
C:\Users\Pratham Lahoti\miniconda3\Lib\site-packages\torch\nn\modules\rnn.py:123: UserWarning: dropout option adds dropout after all but last recurrent layer, so non-zero dropout expects num_layers greater than 1, but got dropout=0.5 and num_layers=1
  warnings.warn(
C:\Users\Pratham Lahoti\miniconda3\Lib\site-packages\torch\nn\modules\rnn.py:123: UserWarning: dropout option adds dropout after all but last recurrent layer, so non-zero dropout expects num_layers greater than 1, but got dropout=0.5 and num_layers=1
  warnings.warn(
C:\Users\Pratham Lahoti\miniconda3\Lib\site-packages\torch\nn\modules\rnn.py:123: UserWarning: dropout option adds dropout after all but last recurrent layer, so non-zero dropout expects num_layers greater than 1, but got dropout=0.5 and num_layers=1
  warnings.warn(
C:\Users\Pratham Lahoti\miniconda3\Lib\site-packages\torch\nn\modules\rnn.py:123: UserWarning: dropout option adds dropout after all but last recurrent layer, so non-zero dropout expects num_layers greater than 1, but got dropout=0.5 and num_layers=1
  warnings.warn(
C:\Users\Pratham Lahoti\miniconda3\Lib\site-packages\torch\nn\modules\rnn.py:123: UserWarning: dropout option adds dropout after all but last recurrent layer, so non-zero dropout expects num_layers greater than 1, but got dropout=0.5 and num_layers=1
  warnings.warn(
C:\Users\Pratham Lahoti\miniconda3\Lib\site-packages\torch\nn\modules\rnn.py:123: UserWarning: dropout option adds dropout after all but last recurrent layer, so non-zero dropout expects num_layers greater than 1, but got dropout=0.5 and num_layers=1
  warnings.warn(
C:\Users\Pratham Lahoti\miniconda3\Lib\site-packages\torch\nn\modules\rnn.py:123: UserWarning: dropout option adds dropout after all but last recurrent layer, so non-zero dropout expects num_layers greater than 1, but got dropout=0.5 and num_layers=1
  warnings.warn(
  lithium_hydroxide/adaptive: 11/14 candidates complete; last=VMD-K10-A3000; elapsed=36.5m; ETA=2026-08-18 02:03:11 India Standard Time
C:\Users\Pratham Lahoti\miniconda3\Lib\site-packages\torch\nn\modules\rnn.py:123: UserWarning: dropout option adds dropout after all but last recurrent layer, so non-zero dropout expects num_layers greater than 1, but got dropout=0.5 and num_layers=1
  warnings.warn(
C:\Users\Pratham Lahoti\miniconda3\Lib\site-packages\torch\nn\modules\rnn.py:123: UserWarning: dropout option adds dropout after all but last recurrent layer, so non-zero dropout expects num_layers greater than 1, but got dropout=0.5 and num_layers=1
  warnings.warn(
C:\Users\Pratham Lahoti\miniconda3\Lib\site-packages\torch\nn\modules\rnn.py:123: UserWarning: dropout option adds dropout after all but last recurrent layer, so non-zero dropout expects num_layers greater than 1, but got dropout=0.5 and num_layers=1
  warnings.warn(
C:\Users\Pratham Lahoti\miniconda3\Lib\site-packages\torch\nn\modules\rnn.py:123: UserWarning: dropout option adds dropout after all but last recurrent layer, so non-zero dropout expects num_layers greater than 1, but got dropout=0.5 and num_layers=1
  warnings.warn(
C:\Users\Pratham Lahoti\miniconda3\Lib\site-packages\torch\nn\modules\rnn.py:123: UserWarning: dropout option adds dropout after all but last recurrent layer, so non-zero dropout expects num_layers greater than 1, but got dropout=0.5 and num_layers=1
  warnings.warn(
C:\Users\Pratham Lahoti\miniconda3\Lib\site-packages\torch\nn\modules\rnn.py:123: UserWarning: dropout option adds dropout after all but last recurrent layer, so non-zero dropout expects num_layers greater than 1, but got dropout=0.5 and num_layers=1
  warnings.warn(
C:\Users\Pratham Lahoti\miniconda3\Lib\site-packages\torch\nn\modules\rnn.py:123: UserWarning: dropout option adds dropout after all but last recurrent layer, so non-zero dropout expects num_layers greater than 1, but got dropout=0.5 and num_layers=1
  warnings.warn(
C:\Users\Pratham Lahoti\miniconda3\Lib\site-packages\torch\nn\modules\rnn.py:123: UserWarning: dropout option adds dropout after all but last recurrent layer, so non-zero dropout expects num_layers greater than 1, but got dropout=0.5 and num_layers=1
  warnings.warn(
C:\Users\Pratham Lahoti\miniconda3\Lib\site-packages\torch\nn\modules\rnn.py:123: UserWarning: dropout option adds dropout after all but last recurrent layer, so non-zero dropout expects num_layers greater than 1, but got dropout=0.5 and num_layers=1
  warnings.warn(
C:\Users\Pratham Lahoti\miniconda3\Lib\site-packages\torch\nn\modules\rnn.py:123: UserWarning: dropout option adds dropout after all but last recurrent layer, so non-zero dropout expects num_layers greater than 1, but got dropout=0.5 and num_layers=1
  warnings.warn(
C:\Users\Pratham Lahoti\miniconda3\Lib\site-packages\torch\nn\modules\rnn.py:123: UserWarning: dropout option adds dropout after all but last recurrent layer, so non-zero dropout expects num_layers greater than 1, but got dropout=0.5 and num_layers=1
  warnings.warn(
  lithium_hydroxide/adaptive: 12/14 candidates complete; last=VMD-K10-A4500; elapsed=41.0m; ETA=2026-08-18 02:04:35 India Standard Time
C:\Users\Pratham Lahoti\miniconda3\Lib\site-packages\torch\nn\modules\rnn.py:123: UserWarning: dropout option adds dropout after all but last recurrent layer, so non-zero dropout expects num_layers greater than 1, but got dropout=0.5 and num_layers=1
  warnings.warn(
C:\Users\Pratham Lahoti\miniconda3\Lib\site-packages\torch\nn\modules\rnn.py:123: UserWarning: dropout option adds dropout after all but last recurrent layer, so non-zero dropout expects num_layers greater than 1, but got dropout=0.5 and num_layers=1
  warnings.warn(
C:\Users\Pratham Lahoti\miniconda3\Lib\site-packages\torch\nn\modules\rnn.py:123: UserWarning: dropout option adds dropout after all but last recurrent layer, so non-zero dropout expects num_layers greater than 1, but got dropout=0.5 and num_layers=1
  warnings.warn(
C:\Users\Pratham Lahoti\miniconda3\Lib\site-packages\torch\nn\modules\rnn.py:123: UserWarning: dropout option adds dropout after all but last recurrent layer, so non-zero dropout expects num_layers greater than 1, but got dropout=0.5 and num_layers=1
  warnings.warn(
C:\Users\Pratham Lahoti\miniconda3\Lib\site-packages\torch\nn\modules\rnn.py:123: UserWarning: dropout option adds dropout after all but last recurrent layer, so non-zero dropout expects num_layers greater than 1, but got dropout=0.5 and num_layers=1
  warnings.warn(
C:\Users\Pratham Lahoti\miniconda3\Lib\site-packages\torch\nn\modules\rnn.py:123: UserWarning: dropout option adds dropout after all but last recurrent layer, so non-zero dropout expects num_layers greater than 1, but got dropout=0.5 and num_layers=1
  warnings.warn(
C:\Users\Pratham Lahoti\miniconda3\Lib\site-packages\torch\nn\modules\rnn.py:123: UserWarning: dropout option adds dropout after all but last recurrent layer, so non-zero dropout expects num_layers greater than 1, but got dropout=0.5 and num_layers=1
  warnings.warn(
  lithium_hydroxide/adaptive: 13/14 candidates complete; last=CEEMDAN-M7; elapsed=43.1m; ETA=2026-08-18 02:03:13 India Standard Time
C:\Users\Pratham Lahoti\miniconda3\Lib\site-packages\torch\nn\modules\rnn.py:123: UserWarning: dropout option adds dropout after all but last recurrent layer, so non-zero dropout expects num_layers greater than 1, but got dropout=0.5 and num_layers=1
  warnings.warn(
C:\Users\Pratham Lahoti\miniconda3\Lib\site-packages\torch\nn\modules\rnn.py:123: UserWarning: dropout option adds dropout after all but last recurrent layer, so non-zero dropout expects num_layers greater than 1, but got dropout=0.5 and num_layers=1
  warnings.warn(
C:\Users\Pratham Lahoti\miniconda3\Lib\site-packages\torch\nn\modules\rnn.py:123: UserWarning: dropout option adds dropout after all but last recurrent layer, so non-zero dropout expects num_layers greater than 1, but got dropout=0.5 and num_layers=1
  warnings.warn(
C:\Users\Pratham Lahoti\miniconda3\Lib\site-packages\torch\nn\modules\rnn.py:123: UserWarning: dropout option adds dropout after all but last recurrent layer, so non-zero dropout expects num_layers greater than 1, but got dropout=0.5 and num_layers=1
  warnings.warn(
C:\Users\Pratham Lahoti\miniconda3\Lib\site-packages\torch\nn\modules\rnn.py:123: UserWarning: dropout option adds dropout after all but last recurrent layer, so non-zero dropout expects num_layers greater than 1, but got dropout=0.5 and num_layers=1
  warnings.warn(
C:\Users\Pratham Lahoti\miniconda3\Lib\site-packages\torch\nn\modules\rnn.py:123: UserWarning: dropout option adds dropout after all but last recurrent layer, so non-zero dropout expects num_layers greater than 1, but got dropout=0.5 and num_layers=1
  warnings.warn(
C:\Users\Pratham Lahoti\miniconda3\Lib\site-packages\torch\nn\modules\rnn.py:123: UserWarning: dropout option adds dropout after all but last recurrent layer, so non-zero dropout expects num_layers greater than 1, but got dropout=0.5 and num_layers=1
  warnings.warn(
C:\Users\Pratham Lahoti\miniconda3\Lib\site-packages\torch\nn\modules\rnn.py:123: UserWarning: dropout option adds dropout after all but last recurrent layer, so non-zero dropout expects num_layers greater than 1, but got dropout=0.5 and num_layers=1
  warnings.warn(
  lithium_hydroxide/adaptive: 14/14 candidates complete; last=CEEMDAN-M9; elapsed=45.1m; ETA=2026-08-18 02:01:53 India Standard Time
  VMD-ARIMA complete
  VMD-LSTM complete
  CEEMDAN-ARIMA complete
  CEEMDAN-LSTM complete
  Fixed VMD-LASSO-ARIMA/LSTM complete
  Proposed Adaptive Decomposition-Routing Ensemble complete
[lithium_carbonate] loading aligned paper panel
C:\Users\Pratham Lahoti\miniconda3\Lib\site-packages\torch\nn\modules\rnn.py:123: UserWarning: dropout option adds dropout after all but last recurrent layer, so non-zero dropout expects num_layers greater than 1, but got dropout=0.5 and num_layers=1
  warnings.warn(
  Random Walk complete
  ES complete
  ARIMA complete
  SVR complete
  RF complete
  MLP complete
  ELM complete
  LSTM complete
C:\Users\Pratham Lahoti\miniconda3\Lib\site-packages\torch\nn\modules\rnn.py:123: UserWarning: dropout option adds dropout after all but last recurrent layer, so non-zero dropout expects num_layers greater than 1, but got dropout=0.5 and num_layers=1
  warnings.warn(
C:\Users\Pratham Lahoti\miniconda3\Lib\site-packages\torch\nn\modules\rnn.py:123: UserWarning: dropout option adds dropout after all but last recurrent layer, so non-zero dropout expects num_layers greater than 1, but got dropout=0.5 and num_layers=1
  warnings.warn(
C:\Users\Pratham Lahoti\miniconda3\Lib\site-packages\torch\nn\modules\rnn.py:123: UserWarning: dropout option adds dropout after all but last recurrent layer, so non-zero dropout expects num_layers greater than 1, but got dropout=0.5 and num_layers=1
  warnings.warn(
C:\Users\Pratham Lahoti\miniconda3\Lib\site-packages\torch\nn\modules\rnn.py:123: UserWarning: dropout option adds dropout after all but last recurrent layer, so non-zero dropout expects num_layers greater than 1, but got dropout=0.5 and num_layers=1
  warnings.warn(
C:\Users\Pratham Lahoti\miniconda3\Lib\site-packages\torch\nn\modules\rnn.py:123: UserWarning: dropout option adds dropout after all but last recurrent layer, so non-zero dropout expects num_layers greater than 1, but got dropout=0.5 and num_layers=1
  warnings.warn(
C:\Users\Pratham Lahoti\miniconda3\Lib\site-packages\torch\nn\modules\rnn.py:123: UserWarning: dropout option adds dropout after all but last recurrent layer, so non-zero dropout expects num_layers greater than 1, but got dropout=0.5 and num_layers=1
  warnings.warn(
C:\Users\Pratham Lahoti\miniconda3\Lib\site-packages\torch\nn\modules\rnn.py:123: UserWarning: dropout option adds dropout after all but last recurrent layer, so non-zero dropout expects num_layers greater than 1, but got dropout=0.5 and num_layers=1
  warnings.warn(
C:\Users\Pratham Lahoti\miniconda3\Lib\site-packages\torch\nn\modules\rnn.py:123: UserWarning: dropout option adds dropout after all but last recurrent layer, so non-zero dropout expects num_layers greater than 1, but got dropout=0.5 and num_layers=1
  warnings.warn(
C:\Users\Pratham Lahoti\miniconda3\Lib\site-packages\torch\nn\modules\rnn.py:123: UserWarning: dropout option adds dropout after all but last recurrent layer, so non-zero dropout expects num_layers greater than 1, but got dropout=0.5 and num_layers=1
  warnings.warn(
C:\Users\Pratham Lahoti\miniconda3\Lib\site-packages\torch\nn\modules\rnn.py:123: UserWarning: dropout option adds dropout after all but last recurrent layer, so non-zero dropout expects num_layers greater than 1, but got dropout=0.5 and num_layers=1
  warnings.warn(
C:\Users\Pratham Lahoti\miniconda3\Lib\site-packages\torch\nn\modules\rnn.py:123: UserWarning: dropout option adds dropout after all but last recurrent layer, so non-zero dropout expects num_layers greater than 1, but got dropout=0.5 and num_layers=1
  warnings.warn(
C:\Users\Pratham Lahoti\miniconda3\Lib\site-packages\torch\nn\modules\rnn.py:123: UserWarning: dropout option adds dropout after all but last recurrent layer, so non-zero dropout expects num_layers greater than 1, but got dropout=0.5 and num_layers=1
  warnings.warn(
C:\Users\Pratham Lahoti\miniconda3\Lib\site-packages\torch\nn\modules\rnn.py:123: UserWarning: dropout option adds dropout after all but last recurrent layer, so non-zero dropout expects num_layers greater than 1, but got dropout=0.5 and num_layers=1
  warnings.warn(
C:\Users\Pratham Lahoti\miniconda3\Lib\site-packages\torch\nn\modules\rnn.py:123: UserWarning: dropout option adds dropout after all but last recurrent layer, so non-zero dropout expects num_layers greater than 1, but got dropout=0.5 and num_layers=1
  warnings.warn(
C:\Users\Pratham Lahoti\miniconda3\Lib\site-packages\torch\nn\modules\rnn.py:123: UserWarning: dropout option adds dropout after all but last recurrent layer, so non-zero dropout expects num_layers greater than 1, but got dropout=0.5 and num_layers=1
  warnings.warn(
C:\Users\Pratham Lahoti\miniconda3\Lib\site-packages\torch\nn\modules\rnn.py:123: UserWarning: dropout option adds dropout after all but last recurrent layer, so non-zero dropout expects num_layers greater than 1, but got dropout=0.5 and num_layers=1
  warnings.warn(
C:\Users\Pratham Lahoti\miniconda3\Lib\site-packages\torch\nn\modules\rnn.py:123: UserWarning: dropout option adds dropout after all but last recurrent layer, so non-zero dropout expects num_layers greater than 1, but got dropout=0.5 and num_layers=1
  warnings.warn(
C:\Users\Pratham Lahoti\miniconda3\Lib\site-packages\torch\nn\modules\rnn.py:123: UserWarning: dropout option adds dropout after all but last recurrent layer, so non-zero dropout expects num_layers greater than 1, but got dropout=0.5 and num_layers=1
  warnings.warn(
C:\Users\Pratham Lahoti\miniconda3\Lib\site-packages\torch\nn\modules\rnn.py:123: UserWarning: dropout option adds dropout after all but last recurrent layer, so non-zero dropout expects num_layers greater than 1, but got dropout=0.5 and num_layers=1
  warnings.warn(
C:\Users\Pratham Lahoti\miniconda3\Lib\site-packages\torch\nn\modules\rnn.py:123: UserWarning: dropout option adds dropout after all but last recurrent layer, so non-zero dropout expects num_layers greater than 1, but got dropout=0.5 and num_layers=1
  warnings.warn(
C:\Users\Pratham Lahoti\miniconda3\Lib\site-packages\torch\nn\modules\rnn.py:123: UserWarning: dropout option adds dropout after all but last recurrent layer, so non-zero dropout expects num_layers greater than 1, but got dropout=0.5 and num_layers=1
  warnings.warn(
C:\Users\Pratham Lahoti\miniconda3\Lib\site-packages\torch\nn\modules\rnn.py:123: UserWarning: dropout option adds dropout after all but last recurrent layer, so non-zero dropout expects num_layers greater than 1, but got dropout=0.5 and num_layers=1
  warnings.warn(
C:\Users\Pratham Lahoti\miniconda3\Lib\site-packages\torch\nn\modules\rnn.py:123: UserWarning: dropout option adds dropout after all but last recurrent layer, so non-zero dropout expects num_layers greater than 1, but got dropout=0.5 and num_layers=1
  warnings.warn(
C:\Users\Pratham Lahoti\miniconda3\Lib\site-packages\torch\nn\modules\rnn.py:123: UserWarning: dropout option adds dropout after all but last recurrent layer, so non-zero dropout expects num_layers greater than 1, but got dropout=0.5 and num_layers=1
  warnings.warn(
C:\Users\Pratham Lahoti\miniconda3\Lib\site-packages\torch\nn\modules\rnn.py:123: UserWarning: dropout option adds dropout after all but last recurrent layer, so non-zero dropout expects num_layers greater than 1, but got dropout=0.5 and num_layers=1
  warnings.warn(
C:\Users\Pratham Lahoti\miniconda3\Lib\site-packages\torch\nn\modules\rnn.py:123: UserWarning: dropout option adds dropout after all but last recurrent layer, so non-zero dropout expects num_layers greater than 1, but got dropout=0.5 and num_layers=1
  warnings.warn(
C:\Users\Pratham Lahoti\miniconda3\Lib\site-packages\torch\nn\modules\rnn.py:123: UserWarning: dropout option adds dropout after all but last recurrent layer, so non-zero dropout expects num_layers greater than 1, but got dropout=0.5 and num_layers=1
  warnings.warn(
C:\Users\Pratham Lahoti\miniconda3\Lib\site-packages\torch\nn\modules\rnn.py:123: UserWarning: dropout option adds dropout after all but last recurrent layer, so non-zero dropout expects num_layers greater than 1, but got dropout=0.5 and num_layers=1
  warnings.warn(
C:\Users\Pratham Lahoti\miniconda3\Lib\site-packages\torch\nn\modules\rnn.py:123: UserWarning: dropout option adds dropout after all but last recurrent layer, so non-zero dropout expects num_layers greater than 1, but got dropout=0.5 and num_layers=1
  warnings.warn(
C:\Users\Pratham Lahoti\miniconda3\Lib\site-packages\torch\nn\modules\rnn.py:123: UserWarning: dropout option adds dropout after all but last recurrent layer, so non-zero dropout expects num_layers greater than 1, but got dropout=0.5 and num_layers=1
  warnings.warn(
C:\Users\Pratham Lahoti\miniconda3\Lib\site-packages\torch\nn\modules\rnn.py:123: UserWarning: dropout option adds dropout after all but last recurrent layer, so non-zero dropout expects num_layers greater than 1, but got dropout=0.5 and num_layers=1
  warnings.warn(
C:\Users\Pratham Lahoti\miniconda3\Lib\site-packages\torch\nn\modules\rnn.py:123: UserWarning: dropout option adds dropout after all but last recurrent layer, so non-zero dropout expects num_layers greater than 1, but got dropout=0.5 and num_layers=1
  warnings.warn(
  lithium_carbonate/adaptive: 1/14 candidates complete; last=VMD-K7-A1500; elapsed=2.3m; ETA=2026-08-18 02:39:11 India Standard Time
C:\Users\Pratham Lahoti\miniconda3\Lib\site-packages\torch\nn\modules\rnn.py:123: UserWarning: dropout option adds dropout after all but last recurrent layer, so non-zero dropout expects num_layers greater than 1, but got dropout=0.5 and num_layers=1
  warnings.warn(
C:\Users\Pratham Lahoti\miniconda3\Lib\site-packages\torch\nn\modules\rnn.py:123: UserWarning: dropout option adds dropout after all but last recurrent layer, so non-zero dropout expects num_layers greater than 1, but got dropout=0.5 and num_layers=1
  warnings.warn(
C:\Users\Pratham Lahoti\miniconda3\Lib\site-packages\torch\nn\modules\rnn.py:123: UserWarning: dropout option adds dropout after all but last recurrent layer, so non-zero dropout expects num_layers greater than 1, but got dropout=0.5 and num_layers=1
  warnings.warn(
Traceback (most recent call last):
  File "C:\Users\Pratham Lahoti\Downloads\assignment1_pratham\code\run_lithium_paper_pipeline.py", line 546, in <module>
    }
  File "C:\Users\Pratham Lahoti\Downloads\assignment1_pratham\code\run_lithium_paper_pipeline.py", line 542, in main
    "corrections_to_raw_archive": [
    ^
  File "C:\Users\Pratham Lahoti\Downloads\assignment1_pratham\code\run_lithium_paper_pipeline.py", line 476, in run
    ) = _decomposition_predictions(target, price, exogenous)
        ~~~~~~~~~~~~~~~~~~~~~~~~~~^^^^^^^^^^^^^^^^^^^^^^^^^^
  File "C:\Users\Pratham Lahoti\Downloads\assignment1_pratham\code\run_lithium_paper_pipeline.py", line 301, in _decomposition_predictions
    adaptive = adaptive_forecast(
        price,
    ...<2 lines>...
        progress_callback=report_progress,
    )
  File "C:\Users\Pratham Lahoti\Downloads\assignment1_pratham\code\models\adaptive_routing.py", line 289, in adaptive_forecast
    prediction, detail = _route_prediction(
                         ~~~~~~~~~~~~~~~~~^
        frame,
        ^^^^^^
    ...<4 lines>...
        seed_label=f"{spec.label}:{mode_index}:{route}:development",
        ^^^^^^^^^^^^^^^^^^^^^^^^^^^^^^^^^^^^^^^^^^^^^^^^^^^^^^^^^^^^
    )
    ^
  File "C:\Users\Pratham Lahoti\Downloads\assignment1_pratham\code\models\adaptive_routing.py", line 180, in _route_prediction
    return _arima_filter(y_train, y_eval, scaler)
  File "C:\Users\Pratham Lahoti\Downloads\assignment1_pratham\code\models\adaptive_routing.py", line 161, in _arima_filter
    fitted = ARIMA(train, order=order).fit()
  File "C:\Users\Pratham Lahoti\miniconda3\Lib\site-packages\statsmodels\tsa\arima\model.py", line 395, in fit
    res = super().fit(
        return_params=return_params, low_memory=low_memory,
        cov_type=cov_type, cov_kwds=cov_kwds, **method_kwargs)
  File "C:\Users\Pratham Lahoti\miniconda3\Lib\site-packages\statsmodels\tsa\statespace\mlemodel.py", line 705, in fit
    mlefit = super().fit(start_params, method=method,
                         fargs=fargs,
    ...<2 lines>...
                         disp=disp, callback=callback,
                         skip_hessian=True, **kwargs)
  File "C:\Users\Pratham Lahoti\miniconda3\Lib\site-packages\statsmodels\base\model.py", line 566, in fit
    xopt, retvals, optim_settings = optimizer._fit(f, score, start_params,
                                    ~~~~~~~~~~~~~~^^^^^^^^^^^^^^^^^^^^^^^^
                                                   fargs, kwargs,
                                                   ^^^^^^^^^^^^^^
    ...<5 lines>...
                                                   retall=retall,
                                                   ^^^^^^^^^^^^^^
                                                   full_output=full_output)
                                                   ^^^^^^^^^^^^^^^^^^^^^^^^
  File "C:\Users\Pratham Lahoti\miniconda3\Lib\site-packages\statsmodels\base\optimizer.py", line 245, in _fit
    xopt, retvals = func(objective, gradient, start_params, fargs, kwargs,
                    ~~~~^^^^^^^^^^^^^^^^^^^^^^^^^^^^^^^^^^^^^^^^^^^^^^^^^^
                         disp=disp, maxiter=maxiter, callback=callback,
                         ^^^^^^^^^^^^^^^^^^^^^^^^^^^^^^^^^^^^^^^^^^^^^^
                         retall=retall, full_output=full_output,
                         ^^^^^^^^^^^^^^^^^^^^^^^^^^^^^^^^^^^^^^^
                         hess=hessian)
                         ^^^^^^^^^^^^^
  File "C:\Users\Pratham Lahoti\miniconda3\Lib\site-packages\statsmodels\base\optimizer.py", line 665, in _fit_lbfgs
    retvals = optimize.fmin_l_bfgs_b(
        func,
    ...<5 lines>...
        **extended_kwargs
    )
  File "C:\Users\Pratham Lahoti\miniconda3\Lib\site-packages\scipy\optimize\_lbfgsb_py.py", line 281, in fmin_l_bfgs_b
    res = _minimize_lbfgsb(fun, x0, args=args, jac=jac, bounds=bounds,
                           **opts)
  File "C:\Users\Pratham Lahoti\miniconda3\Lib\site-packages\scipy\optimize\_lbfgsb_py.py", line 469, in _minimize_lbfgsb
    f, g = func_and_grad(x)
           ~~~~~~~~~~~~~^^^
  File "C:\Users\Pratham Lahoti\miniconda3\Lib\site-packages\scipy\optimize\_differentiable_functions.py", line 403, in fun_and_grad
    self._update_fun()
    ~~~~~~~~~~~~~~~~^^
  File "C:\Users\Pratham Lahoti\miniconda3\Lib\site-packages\scipy\optimize\_differentiable_functions.py", line 353, in _update_fun
    fx = self._wrapped_fun(self.x)
  File "C:\Users\Pratham Lahoti\miniconda3\Lib\site-packages\scipy\_lib\_util.py", line 590, in __call__
    fx = self.f(np.copy(x), *self.args)
  File "C:\Users\Pratham Lahoti\miniconda3\Lib\site-packages\statsmodels\base\model.py", line 534, in f
    return -self.loglike(params, *args) / nobs
            ~~~~~~~~~~~~^^^^^^^^^^^^^^^
  File "C:\Users\Pratham Lahoti\miniconda3\Lib\site-packages\statsmodels\tsa\statespace\mlemodel.py", line 940, in loglike
    loglike = self.ssm.loglike(complex_step=complex_step, **kwargs)
  File "C:\Users\Pratham Lahoti\miniconda3\Lib\site-packages\statsmodels\tsa\statespace\kalman_filter.py", line 1001, in loglike
    kfilter = self._filter(**kwargs)
  File "C:\Users\Pratham Lahoti\miniconda3\Lib\site-packages\statsmodels\tsa\statespace\kalman_filter.py", line 921, in _filter
    self._initialize_state(prefix=prefix, complex_step=complex_step)
    ~~~~~~~~~~~~~~~~~~~~~~^^^^^^^^^^^^^^^^^^^^^^^^^^^^^^^^^^^^^^^^^^
  File "C:\Users\Pratham Lahoti\miniconda3\Lib\site-packages\statsmodels\tsa\statespace\representation.py", line 1058, in _initialize_state
    self._statespaces[prefix].initialize(self.initialization,
    ~~~~~~~~~~~~~~~~~~~~~~~~~~~~~~~~~~~~^^^^^^^^^^^^^^^^^^^^^
                                         complex_step=complex_step)
                                         ^^^^^^^^^^^^^^^^^^^^^^^^^^
  File "statsmodels/tsa/statespace/_representation.pyx", line 1362, in statsmodels.tsa.statespace._representation.dStatespace.initialize
  File "statsmodels/tsa/statespace/_initialization.pyx", line 288, in statsmodels.tsa.statespace._initialization.dInitialization.initialize
  File "statsmodels/tsa/statespace/_initialization.pyx", line 406, in statsmodels.tsa.statespace._initialization.dInitialization.initialize_stationary_stationary_cov
  File "statsmodels/tsa/statespace/_tools.pyx", line 1548, in statsmodels.tsa.statespace._tools._dsolve_discrete_lyapunov
numpy.linalg.LinAlgError: LU decomposition error.
